1 dmw 307
1 jko 37
1 qii 78
1 tul 7
1 txi 116
1 uab 209
1 xvf 52
2 nbc 340
2 svk 351
3 mvo 371
