1 cdn 118
1 ffw 533
1 kyz 35
1 mxw 387
1 sqa 381
2 ial 614
2 lfc 698
3 jwn 703
3 nbs 839
4 hzh 993
