1 acijbiitm 70
1 cgnbqkpxq 75
1 cymlmrhrk 48
1 dckhuascq 116
1 diiklyyqe 20
1 dmbgdsfgx 38
1 dmuqffimw 34
1 dsuwhbfhs 68
1 ebkrhxtvl 129
1 eekcqlsfq 111
1 ehjpoakbw 144
1 fgswchcib 1
1 fllhykofc 83
1 fmzcttpmr 101
1 gxoadvdob 56
1 hcbxmfasl 5
1 hilpubgxt 95
1 hxscenfyk 143
1 iiiqdgwvn 138
1 ijxwwhrzn 75
1 iknwhhggh 19
1 iqbxjituo 65
1 jewifbzxc 15
1 jixeqweby 114
1 jjmwquzfq 65
1 jubapohnp 125
1 jwarsdsxv 61
1 jxxjlqtpn 132
1 kbxmxoypy 93
1 khhdwjjbz 4
1 lenwxibhv 12
1 lrbiknrfl 55
1 lwdveaflw 2
1 mlezrdowc 77
1 mzpmbswlq 34
1 naoxjbjgc 46
1 nirqgddcf 17
1 nywmmeemn 71
1 ohawhbwzs 64
1 oqrwdamla 54
1 ozdvgxtto 94
1 pcjjcwcfc 1
1 pclkxhqwm 91
1 poasjzurc 101
1 puoryjsuu 66
1 qabithmbn 78
1 qfhxhbnpq 132
1 qguzrkvqw 40
1 qhzklqfbo 5
1 qijwfwzze 120
1 qqafntkre 59
1 tsnphmvfk 134
1 uaeqskcgz 4
1 ufxurwrdi 68
1 uvmpbubat 92
1 uzgpjwkry 45
1 vkggfujze 79
1 wcsdvlbmc 17
1 wfwqkkxcb 141
1 wommtumsk 20
1 wqronfyyj 85
1 wwkfruqeq 58
1 xandpcpxl 141
1 xcnwzgieh 98
1 xhcssxhpv 124
1 yadvjpgrh 103
1 ykivetbcr 65
1 zaucmdnrg 122
1 zbtpmvwxs 38
1 zifcllbdw 8
1 zqfuknlzr 82
2 akhfepnyl 198
2 arlokpjlj 152
2 bpqrqwchy 154
2 bzldddwhh 175
2 ckqntuwge 150
2 coiiqyxgg 161
2 eyewwzrfk 183
2 fjoazxovv 160
2 govulqlew 193
2 hqoenwixr 200
2 ijngpvtul 181
2 jlhtcctkw 197
2 jvkwnvnri 170
2 kuvnvpbkl 150
2 mbdrpaftg 193
2 mmovnlwrh 166
2 mzknoayiy 164
2 nbsbzdzue 153
2 osukqdkcv 190
2 owjovnvof 174
2 qpxczztex 200
2 spustuuzm 164
2 trkffwyaf 203
2 tyxaczqrr 181
2 vuhrkezkt 146
2 wlioqdiod 194
2 ynxlwwvfb 181
2 yrnomufyb 178
3 bbpjrshzr 251
3 byzhxxxtt 251
3 cyrzkrvaf 259
3 evviqqvuj 207
3 iczhjmtkx 246
3 iqybcokmy 268
3 jdzablfuw 260
3 jtfzlymqp 244
3 jyerlhdqa 230
3 koahtwlvb 252
3 kptojlzpo 216
3 oqdwommvw 228
3 qkhaktzth 240
3 qmfmjxxtc 256
3 rptbeythv 215
3 rtayivoxl 263
3 tlrqrbiiz 267
3 uyiwubpqu 223
3 vuwmiikgq 247
3 zcesdzegk 207
4 aotvyyhko 284
4 dqzgokuku 270
4 fxhyjuojw 280
4 fxywvthgl 272
4 gnryxfunu 285
4 kmoyvprlz 270
4 kwcvrvzsr 286
4 nyunprvtk 300
4 obxhwbpcl 304
4 osidcimxf 308
4 qahpvoroc 299
4 sawmnptlq 282
4 sebscvskp 305
4 sycujwkch 268
4 tgwfeqnjs 298
4 tjkqebjgi 272
4 tsldexhym 278
5 bnenxnxgc 326
5 cckfelobh 325
5 gfsaqjpdg 319
5 lesfvkkqn 329
5 mbkaobllc 319
5 nhcsmfojg 336
5 njlpctpeo 317
5 nrnswakpd 326
5 ntekqeqdh 333
5 shogajlzp 329
5 thvdumfuo 315
5 utdxgzmxk 312
5 uzbdnfydi 312
5 wgjmuwukg 322
5 zkdmoqifv 313
6 ammtlogif 356
6 awuymvlrt 344
6 beowiuamj 347
6 bsznsfeue 337
6 efydpjler 351
6 flihxtoxq 347
6 ftztjbbsj 347
6 hfabppstd 360
6 kmrwzzial 348
6 ljrffbatg 343
6 odixgruux 358
6 srvdqgkti 355
6 wkmbucyrc 356
6 xyyvyulme 359
7 ainzdntaf 381
7 bfwnfxkjb 369
7 dgjtmpcfu 363
7 hanylcjmi 362
7 iyekuhcda 383
7 jyxvqebfq 382
7 lkiqfkcdz 375
7 natymehxw 385
7 pxsbpdjzy 382
7 qttmocaom 388
7 qzcimemlt 385
7 vbnfsmgab 385
7 ypfmsenpp 366
8 adqbxndse 402
8 dhxocmcfq 390
8 etudnxylo 406
8 jadaaljhh 398
8 krnfevidv 397
8 mmiaasica 406
8 sscogkxzk 400
8 tzjgknjmw 396
8 wynrmjqgo 401
8 yfvinrrzb 398
8 yxjtbrnzq 402
8 yxqiwrzez 405
9 btkrbjtxu 431
9 ccftmqrnn 417
9 esphoonmk 415
9 gatlytbcu 438
9 gejbgrrrx 429
9 jlakbhkwf 426
9 jqakyzjud 411
9 klaqoiqhi 419
9 psxajctyx 429
9 wolpqlwdi 435
9 yhngficdr 450
10 boyojzbpf 460
10 dewnhucly 459
10 foxjxpudp 459
10 lovktxyus 463
10 qcdkcajdf 455
10 qzrfehlok 455
10 zalyjdvjm 454
10 zbkokzmxt 451
10 zboacvzvc 460
10 zszwnaaro 456
11 ieepxsqkn 467
11 jlxfqknoh 485
11 kwuxpazeh 488
11 ozjkigaho 464
11 qmhxstihq 484
11 vrdfbzowv 467
11 vwwoapkvr 485
11 xfjmrpqpu 467
11 xllieewri 476
11 yxclnkdjk 466
12 dkfuqbqqo 509
12 duipttesq 505
12 ewhzphcnx 496
12 kuhnpqhdg 503
12 mfadadlyw 491
12 mhtcgeegz 497
12 pmtklopdz 488
12 rdnkcdkkl 492
12 ybpovavgn 501
12 zzutopskk 500
13 dynoswjtd 525
13 enxqhzjbe 510
13 irvfyqsau 513
13 rtgdzhqso 522
13 twvazdnom 514
13 uwmcblmvb 526
13 vioslpubi 528
13 wuamvsrxe 522
13 xonomlppt 521
14 augvavhly 540
14 funriuxki 536
14 fwxrbmwbi 535
14 hjimsmzjf 530
14 knvrbkagn 531
14 qalllzsza 533
14 qvvhhlolo 540
14 rceoaitec 530
14 vkpnsrnry 539
15 ahzjkdysk 544
15 dzeuooqgt 554
15 gxytmztzw 542
15 jmnjyoeub 563
15 mtwpmxwct 565
15 oyteyefzs 548
15 qbquighyg 542
15 suhlpuvlc 541
15 tssvwjmwd 554
16 emrltsrap 588
16 gnrltrcbq 578
16 hdmgohgoo 578
16 hzezupeqx 585
16 letqfpeec 570
16 mhvzusbfc 575
16 ojvofmioc 590
16 ppnwhvvua 574
17 bbojlzcsq 600
17 capwdurfp 615
17 coizsnlpe 619
17 gfjtznrej 615
17 ikzpsnjez 606
17 snnkajytr 591
17 uqphzdebj 617
17 yleqdhpgl 615
18 cogtgbdcv 631
18 ecswigent 630
18 hxzwnhdfy 629
18 ifqkjixrl 639
18 mrfanwhsq 633
18 rxppndyzs 636
18 trzucknvq 630
19 fyaumemjr 652
19 fzbhghbih 644
19 giljyubne 644
19 jtblbwtpw 646
19 szlptarsp 651
19 vbifbljmw 645
19 xwskdhnwr 654
20 axvqxhygw 672
20 jvhivjmxf 659
20 rzszcnfyf 664
20 uhbjzuuhh 654
20 viizyncde 654
20 vndnnmdcq 659
20 wmitpwrdu 671
21 cgyswbnbh 681
21 jnicrlzjq 675
21 kvpbljqdp 678
21 lrqtkqypa 690
21 nsfumcpcm 676
21 ouchiehwk 693
21 zbsgnqaqb 682
22 aytgtzhhe 710
22 boyzglyfd 700
22 dzigsnxpo 696
22 lfjupytwo 710
22 owkgocmfj 715
22 qzxqbcuxy 695
22 tjbypglah 704
23 ceuqdmecc 722
23 fphmnxwho 716
23 gkjbfzlor 719
23 qcktrqeur 721
23 qgtswnsnm 716
23 uckgowimj 719
24 bgwljqbfw 736
24 evldspkgq 743
24 kqrgqynir 738
24 pbbgqpymb 743
24 uwafohqge 730
24 wpgmzwnvy 733
25 alpzfmhdo 744
25 gtbpbmexi 757
25 jexjgxvuy 755
25 kzwibokfb 759
25 rirfjcvyf 754
25 wakxlkedo 764
26 drdwxaaif 774
26 gpsnmzawo 780
26 kmgzyzdff 789
26 lakkghnyg 789
26 loknmraoy 774
26 vsznxdbfc 771
27 afkkfwszc 808
27 eppmbkmza 805
27 iwvvahtlx 810
27 twbfslgxx 795
27 vnrjqdqeg 803
27 zzteknmcv 793
28 enudrnwcg 822
28 fyxnuekar 818
28 tjlxrrrqx 817
28 wdawfoqvb 813
28 xuemrahmk 816
28 xxfdxkgbh 816
29 atuhqbnmb 830
29 bugpmglmd 833
29 ftxxkzwnw 829
29 qckujeacu 832
29 viwpgivke 834
29 ymxifapcs 830
30 atwgyvumn 834
30 irrahrcgy 837
30 rctecvxhx 842
30 tokvquzrm 836
30 ysslsgzry 838
31 eymugisuv 843
31 ijdjnrekw 849
31 jplovwzqo 849
31 ptwyjojcd 843
31 vgyfakjhn 845
32 oqrjtrbpu 851
32 qslavgubi 853
32 spzozzuoz 850
32 weqhuhvtu 852
32 yqsvzazqy 851
33 adzmbtdgf 859
33 ecbyphavw 855
33 giiotckcd 856
33 nlbzbinzd 854
33 vusvgkkdo 859
34 clnamvxwo 868
34 ephjtfgqo 872
34 ktradwdrg 869
34 tkyqhvtfv 859
34 tszxnatke 870
35 ctjkietvb 873
35 jzljujrvq 877
35 ncdajijsw 876
35 nfsesefjf 880
35 xriflsiqi 880
36 fkeayelrf 887
36 lvldkcrrh 887
36 sklvdauyo 894
36 yyxujmqcg 892
36 zlztoeayj 891
37 fcwtdtqpe 894
37 jaitynggf 896
37 oczccaslt 903
37 shvlslmre 899
37 tqgjmsybw 895
38 hsnmpdbux 905
38 kkcooclft 906
38 lrfplbltj 909
38 mxefkqrki 917
38 qfdoxfaxo 905
39 gcetabjly 919
39 nyeadmbog 930
39 rqyjzsztz 928
39 wrzvolxuv 928
39 yezscfcvl 929
40 imdpbkobm 938
40 offdtyaiw 938
40 renevzmnf 940
40 trxcjtpme 933
40 xxwiljmng 938
41 hrpnjibuf 941
41 kxgoqsagv 941
41 tcknquwrr 940
41 txfciolci 941
41 wxardlqtn 945
42 ddqwbdhfh 946
42 gsmokjqfx 947
42 jrwtdwgxt 946
42 sccglxwhu 956
42 sdejcvjaf 951
43 dbduqomoy 959
43 dbirlgmjg 966
43 fulqgksrz 962
43 sqlbqvwsa 958
43 xvbywixgq 968
44 gzuesmlkw 975
44 nzehmuvoy 974
44 rrjoydnwi 973
44 sirhhqkhv 974
44 tbrwujfvg 981
45 ajevdtwpp 984
45 gawsykfyh 986
45 ixdtdkyot 987
45 mzndsognn 993
45 wxgnfaxmx 982
46 gepyiuyzj 998
46 kldubzxal 997
46 lnerjlcll 1000
46 svbqueyvw 995
46 vodljzgiy 995
47 bjqoeiceh 1008
47 dfwlinugv 1006
47 igeeqjxjf 1004
47 koskfltjd 1007
48 uzttlogdk 1013
48 vfosuniaz 1012
48 xfhyyiywc 1010
48 ziswmfbck 1013
49 irnekflwz 1021
49 wiftbewai 1014
49 yirnhfbjh 1014
49 zqxnfqdoc 1015
50 koialtegl 1022
50 omwnklehy 1023
50 rsiucasmz 1022
50 tsojxfqia 1026
51 hxjsemywh 1029
51 rjrxeigzs 1029
51 swpxdlcrj 1029
51 zbzdszvyt 1034
52 liplrlfcc 1040
52 qjoddhvrc 1036
52 uyyewanem 1045
52 vtohffgpg 1043
53 hhqxoteov 1052
53 prgcpynnl 1048
53 ueiqxkbiq 1051
53 xxlejcddk 1055
54 bdlbwphtu 1057
54 dlabrupzo 1055
54 reegtuwfe 1062
54 wgojhdbvv 1059
55 nqbxdcdew 1064
55 rwpkldfei 1063
55 ypmlrpgmg 1066
55 zuddzinur 1068
56 asggxihbg 1077
56 jdctxqfan 1077
56 ohrposiai 1068
56 tfsxdsvhg 1077
57 gjmezkvbf 1088
57 utgoygghs 1081
57 vwnatxtse 1088
57 vxzpltlmu 1089
58 amzgritlv 1091
58 lorpkyvlt 1090
58 pjiredisw 1092
58 wwedspump 1092
59 aljwcbome 1099
59 fctiiakrz 1096
59 finmeslfr 1099
59 kchlkfvbz 1099
60 mqhbjnaba 1104
60 vwmuymalw 1101
60 zbyegoehx 1101
60 zlsmxksjo 1103
61 bckbfqvoq 1106
61 cxynexvaa 1105
61 ffyfbdohg 1105
61 xklgrwcni 1114
62 amsixakvz 1121
62 hfrajoged 1123
62 ljewbouqf 1120
62 skibfpmmw 1128
63 fywrvirnb 1132
63 gapjwpmys 1129
63 iesmkecev 1129
63 tyjsfwvwp 1131
64 jtuejnwax 1133
64 nkvvawfwa 1149
64 nwtydmkkd 1144
64 pmccindzz 1142
65 fteelecak 1150
65 leysvegyr 1155
65 tkgeheocx 1150
65 vmugwvhbg 1152
66 arfjkguqd 1165
66 cgsdporpi 1159
66 dtihsfaqe 1159
66 hgrcfupib 1160
67 egfxilqul 1168
67 fgxudefuu 1169
67 gqbsdtfro 1185
67 vfcurdlag 1166
68 efmbwljqd 1188
68 xfzlkzjuq 1191
68 xhjimvqna 1190
68 xsgqecfyk 1194
69 dnwudlfrx 1200
69 iczdvemze 1197
69 ieuqhlaje 1208
69 vhsbzvwlb 1207
70 ccvpsfqpu 1218
70 gnbhoxjjs 1221
70 ruztxvodd 1221
70 sajallant 1210
71 nulzvtcqm 1226
71 vmypsnblq 1222
71 xrpjnpfbj 1230
71 ylpwujlab 1226
72 bsgtnoxer 1232
72 jkswtrxvr 1230
72 mjryafiqo 1234
72 xiblmvdmq 1239
73 dxopnoneb 1240
73 kgezqzrdy 1242
73 kyrcrenad 1241
73 lsheyijap 1244
74 erdlmvykg 1244
74 kgvuufiuo 1246
74 vevvrwzjs 1247
74 vywlkkikt 1249
75 getjksojn 1250
75 sidzozlpw 1259
75 whkiuyffb 1256
76 aoyyszxpb 1261
76 rkamuteam 1264
76 yzpjndtdj 1264
77 cdgwklvpt 1264
77 ciamheylf 1268
77 mjkpmmcaj 1281
78 acqtbaojj 1283
78 fukoygnuf 1287
78 qclvreoti 1287
79 amxxftbtu 1294
79 bvaepamgm 1290
79 tsepzljxy 1291
80 exnaxyver 1301
80 kfqutdncv 1296
80 slyxvqfth 1302
81 kpmvxpeae 1312
81 nqdstfaax 1310
81 yemtqeyrj 1312
82 dimxsexlq 1313
82 jwiaemhsj 1313
82 radgnvajj 1313
83 baijuhpxw 1324
83 pabbzfocn 1323
83 yptasddst 1320
84 jvgmihvaw 1331
84 rrkwlogcg 1328
84 xtdukpwbg 1341
85 ddfkgwqbz 1343
85 dukechgtx 1343
85 weoykiuim 1344
86 hlgdfrsim 1348
86 kunrxxqiq 1352
86 tybzjcibk 1350
87 getwfoajz 1364
87 nliingdbr 1354
87 ysdelxfzl 1362
88 dscgmqhyy 1366
88 kxmqvvpik 1371
88 xheirrips 1368
89 ocorqwesu 1376
89 ojjnqcyag 1376
89 xovouxlrm 1373
90 duqjidkbu 1380
90 gzcpanlgz 1377
90 sbdbgdvmo 1379
91 gcetsxhyy 1382
91 vskuipbmk 1385
91 wbgwklpwm 1383
92 nirlenhgz 1389
92 nkrcqbvxw 1394
92 sqlcwlzsx 1387
93 qgnlcdqkr 1404
93 sembuchiu 1395
93 ydstzpzji 1403
94 kqfizpiod 1406
94 mazqghrtf 1406
94 vjhfeabie 1406
95 eufdgtzcd 1406
95 ofizinjca 1425
95 rmahbbfhd 1417
96 bwxmwdyeh 1429
96 ytinaqiuc 1433
96 zplavtcoj 1427
97 aabyfirwv 1436
97 scsznsnhi 1434
97 zeammouko 1447
98 derjyiddt 1455
98 xwywtyvyt 1448
98 yijydayjh 1453
99 anugeztli 1455
99 rzjajznxq 1466
99 zkgszzjta 1455
100 bcrokbije 1475
100 mdsacesar 1473
100 thxlkngwj 1474
101 kblwwgrzo 1476
101 nmvadsaes 1476
101 zpjfmxpxt 1476
102 ddxkffunl 1479
102 gdqqwlnqo 1480
102 oieympdhx 1483
103 bzeikzkwd 1484
103 lkoquypiq 1494
103 xmoisobxt 1495
104 apchpjpun 1498
104 cjraedjwl 1496
104 ihbnebxwk 1499
105 mrvtxnhle 1505
105 rghmuomkc 1500
105 vyazejvcy 1510
106 iukxycanv 1512
106 pybpyigdi 1514
106 tuwnvweqx 1512
107 lpkdzjlkm 1520
107 ofwieehnz 1517
107 tkpnvfolw 1521
108 clxqrhrtz 1526
108 otecwshsp 1530
108 ptxslsyut 1531
109 annlvzbqx 1532
109 cfiynuubc 1534
109 cnwtzgxjf 1537
110 alxdmuwde 1542
110 pjpjjnvuq 1540
110 stegbsioy 1540
111 brbmtayjm 1548
111 vxdvgkdmq 1544
111 wzmcmmkly 1550
112 adsigguqy 1560
112 cagnxvawx 1551
112 lyvgpdhit 1558
113 avdvyjbhj 1561
113 dnralcmqc 1568
113 jajnzjzsc 1566
114 lrbdwykrr 1579
114 xvthhovhb 1574
114 zzwzyuzlf 1573
115 cxhtcnbah 1587
115 deznoytnj 1588
115 fffyurtkv 1586
116 kxvwzdhws 1589
116 ntwlgcjhu 1595
116 vtiwjjdsu 1599
117 dnxnksqwp 1612
117 gsijkmkit 1611
117 vxzlzgffx 1604
118 deyqvmjyc 1614
118 halfwrvkw 1613
118 mymaflfpc 1613
119 iaxmaorxm 1623
119 nmsdwsgpz 1625
119 rlsszljxy 1619
120 adtdtcbvg 1625
120 eryikmbmb 1626
120 tjquxksni 1625
121 gthvgrgbl 1637
121 jzfgoitxf 1629
121 lwlcijkxw 1643
122 jftkqqhha 1644
122 puvekmuos 1645
122 tqnugckmq 1648
123 cyzcvozuw 1650
123 hjamrflly 1654
123 yjpbyilgn 1649
124 eyqcyehwv 1658
124 eywedzkya 1660
124 obsdlxfth 1654
125 lzmdhnspu 1665
125 wouoqrlln 1664
126 gjpblbouv 1680
126 urwttdbqe 1673
127 lbuhmcujq 1684
127 zhwtithbh 1684
128 fzswgrtja 1694
128 zutphwzyu 1693
129 fnvwylyuw 1704
129 hyfecmlgz 1703
130 pwgrraxye 1705
130 yapvbirjh 1709
131 nijpedyaz 1709
131 rlvhdpuyy 1709
132 gyhqyisna 1711
132 zkjmseqgd 1718
133 bojpuolpe 1724
133 woledviwv 1719
134 gclkqxnxy 1725
134 ifeseytuk 1726
135 ebfzyngbk 1727
135 luwwscana 1727
136 fzjdmnqsd 1731
136 lpgdsoqji 1729
137 qhkanyjms 1737
137 unszqjhee 1735
138 rxzpcwznj 1738
138 sxhtzhllg 1738
139 bnbcqqjxl 1741
139 pxwdajvkv 1740
140 nrgpndfar 1745
140 nzhlwvgdn 1745
141 boxliwbec 1766
141 eliuzyyyc 1752
142 kbdxdsase 1769
142 wlxvioruy 1767
143 krrwcgozs 1770
143 wgcyjthxt 1778
144 dauxqarks 1779
144 ttygegthc 1780
145 gbxaujbsi 1780
145 isekgkxcd 1781
146 dtzdsuygi 1783
146 vtunihkes 1792
147 bcpswquis 1800
147 tkzpczjkx 1797
148 noekkuygo 1806
148 yetnamumk 1804
149 avipcvzxs 1810
149 sktdycnrl 1809
150 wdubfdqwf 1812
150 zmckdqdui 1819
151 fgxowiwrl 1826
151 krxonfppj 1820
152 bmvqiumpm 1829
152 wvhctynlo 1827
153 pirwnijjw 1831
153 wnxkmkmau 1829
154 uehidsysh 1837
154 yzokatnld 1838
155 kqbodbzns 1839
155 nutrgaqzd 1843
156 kwfnxatpo 1851
156 zifhkbgxe 1848
157 rcwcixfgi 1852
157 wjcdbplku 1852
158 gezecznrj 1854
158 rikikzken 1855
159 inyjgjjrf 1864
159 tdanvaobq 1859
160 akzbyzpht 1865
160 vmohdpnty 1864
161 xbrbyvtue 1871
161 zvipslsdb 1865
162 ipaoewbym 1881
162 qybeelxsz 1871
163 jxkltrybp 1893
163 ritkpchbl 1886
164 oblbskshb 1899
164 sxjvjemhd 1896
165 kwwdjdqvt 1912
165 pnxajopoc 1915
166 evujudkpd 1917
166 yacoqerqc 1919
167 btoehwuqe 1929
167 ujfpurrde 1926
168 qqaxndpfu 1938
168 xspurmkmr 1935
169 pwnmfciwe 1943
169 xwupyrspc 1942
170 sbbahdczo 1948
170 ybyxnfuza 1952
171 parrpeedd 1954
171 uhdviniad 1957
172 doaqkucvh 1963
172 huknisyck 1963
173 jpkkbdwnq 1969
173 suemlrfzy 1966
174 gyvogygfl 1970
174 yevtpelxk 1971
175 nnsfbbajv 1975
175 samrqfkcz 1971
176 tjjhihidu 1978
176 zlywhppbb 1977
177 ofmiqckyk 1988
177 swnyhlgeg 1987
178 bimgtufki 1991
178 syokxfqbw 1992
179 fydqyvzal 1995
179 iihrgpdrz 1992
180 pjfskkxqv 1997
180 psifnyyhj 1999
181 hqkokqmmw 2002
181 ruvaduohr 2001
182 evsvuiqdp 2005
182 uwuyqcoev 2006
183 dcayjkdxv 2008
183 jqjccskjv 2007
184 bvajwieni 2009
184 pqrsmgwjg 2009
185 cglagggij 2014
185 oydcoxslf 2013
186 isbyhetkr 2021
186 pymuzgine 2014
187 kbguezxzo 2024
187 niyputxby 2024
188 aaihozttj 2030
188 enyvnpttk 2028
189 tvigvhfua 2033
189 znhnglobb 2032
190 vksrvfeda 2034
190 wurujxtay 2035
191 jxkqgniun 2042
191 ooefbnnep 2038
192 eucoamozq 2045
192 ogdzbcbiw 2044
193 divaungvt 2050
193 tsqcnlfri 2047
194 iixfujeng 2057
194 uvgabsrxx 2052
195 ejgxsnjmn 2064
195 gzjbngmiq 2063
196 dwuxhmnbd 2068
196 udpeoqwxx 2065
197 ieecrusax 2068
197 nyjsxisbp 2071
198 keynmsudh 2073
198 lbibvrsmo 2080
199 pecrdbbwu 2088
199 qwuhawkoy 2084
200 sadjuhwlx 2090
200 svtemglpd 2089
201 adchmsxyi 2093
201 qjellrokr 2090
202 tqzeymbfv 2096
202 xzbpzyaqo 2099
203 qcxitmjvv 2110
203 rehubrinp 2109
204 pdzwbaboj 2110
204 uyicfhjkk 2111
205 adcekcbkj 2120
205 jdhmaqlbc 2124
206 dpuczrecp 2130
206 sxjoufbas 2128
207 psmvugtzj 2135
207 tioiggkrg 2134
208 syveeacjy 2135
208 vrjstdzzr 2136
209 hgxkglhwq 2139
209 jmvtpvqck 2140
210 clkribusb 2144
210 xegkjnzup 2142
211 buiqelaha 2148
211 gsbcwkgaq 2147
212 jjtsfuiiz 2150
212 zmxqyrbqh 2152
213 cfqfruqts 2157
213 uvdzxcujt 2157
214 vtpgkqtvy 2161
214 ynglmfdyt 2160
215 aspmhqpvm 2165
215 yiodkqucm 2162
216 joglqwpzr 2166
216 sukkvetem 2165
217 kuzreeybj 2169
217 qpykqbjpe 2166
218 bzrffkuui 2173
218 tlvgngoxg 2173
219 rzqrnjyoa 2179
219 trhlqlbew 2177
220 atqbdhkhw 2187
220 mudmmyosa 2182
221 jngzpmutd 2189
221 xylllhcbm 2194
222 jybmzpqah 2197
222 scprvjdkj 2199
223 mikijskkl 2204
223 zxxebdneh 2200
224 hclodizwf 2216
224 sqkychmrz 2217
225 dqobrqkpm 2222
225 qwyyzzlhn 2219
226 lqmmbcatc 2229
226 rpcoyetks 2229
227 gmfwihoon 2234
227 txqcejluw 2232
228 apjqebvnn 2238
228 yfjittkvl 2242
229 iqwbigmma 2243
229 kpeijasgd 2242
230 ibchottwa 2246
230 wozqggcxr 2246
231 gbtitdecv 2256
231 kgacycmwj 2259
232 afhnwwwoj 2268
232 rchnhplyf 2262
233 jnebonzuc 2270
233 zhyxljqdd 2269
234 gietffali 2271
234 kpriycnmb 2274
235 bmieizdzs 2276
235 yzwfnvgzh 2283
236 dadjdnpar 2285
236 qstjhplme 2284
237 njssoeaou 2287
237 ofaiilfbs 2291
238 bxseycxtq 2306
238 euvgqwnle 2300
239 lbbjpzhcy 2308
239 uecjijoun 2308
240 neqqkqqgy 2309
240 phhxvlllu 2312
241 esbpqjnrn 2313
241 oaksocxnd 2316
242 ornnkfklo 2324
242 wlaxhadwl 2322
243 evbpdfvpu 2326
243 uoooskhnp 2326
244 blsyfjjmm 2328
244 hvvnpceeu 2327
245 sxanqlrez 2328
245 viumbbglj 2331
246 ianuofnvb 2332
246 uwdznvbzw 2335
247 febvclvpq 2346
247 jomounpgi 2341
248 viswwvucv 2350
248 xusvggfza 2355
249 czoehvjdk 2356
249 dyfxizczm 2355
250 kgecooexo 2357
250 oeifewzhg 2360
251 civjbhhxm 2364
251 nkuajhlne 2362
252 szojqxgps 2368
252 vqfoywwls 2371
253 mkweosqdv 2382
253 oknbwrvdw 2373
254 thuhrlbaq 2385
254 wzzzrlfkd 2383
255 rgjiilyuf 2386
255 ucyuuoxoy 2385
256 anrrlsefe 2388
256 rlmxnppoz 2390
257 lpebglmrm 2393
257 vkofyxnij 2391
258 cwscshroo 2400
258 gqkyaqwlk 2397
259 gizeoenbj 2400
259 yvatcziii 2401
260 bzidzouwc 2403
260 narrmgwlp 2402
261 bqhekhzie 2407
261 wniqxqadj 2407
262 amtkusrkd 2413
262 owvgnejib 2425
263 hkrbjygke 2435
263 micjpjmkd 2427
264 ewlherztm 2438
264 tqmtczdsk 2438
265 axwaysirb 2439
265 hfcaycfbg 2443
266 maoqlgkcn 2455
266 weldyilbp 2451
267 abgavelnq 2458
267 dcuxudxjv 2455
268 lnosqawcn 2468
268 tpvnonvcc 2466
269 budfgyjsb 2471
269 veaqtzgml 2472
270 jnsjvdvsg 2476
270 nsycscify 2475
271 fvhjceepn 2480
271 gfxlmiukp 2480
272 bhrqzfsbq 2482
272 vwhthvdxv 2487
273 lafzsqntv 2492
273 rjrabyqum 2491
274 ffifgxdbq 2493
274 vhytibamv 2495
275 azhhdcmzp 2500
275 jfjptfxgm 2500
